    OpenRGB v1.0
    Commit:  from 
    Launched: 20260916_163213
====================================================================================================

[0         ][Info   ][ProfileManager] Found file: v1.json attempting to validate header
[3         ][Info   ][ProfileManager] Found file: my-profile.json attempting to validate header
[3         ][Info   ][ProfileManager] Found file: v1.json attempting to validate header
[5         ][Info   ][ProfileManager] Found file: my-profile.json attempting to validate header
[6         ][Info   ][NetworkClient] Connection attempt failed
[59        ][Info   ]------------------------------------------------------
[59        ][Info   ]|               Start device detection               |
[59        ][Info   ]------------------------------------------------------
[72        ][Info   ]------------------------------------------------------
[72        ][Info   ]|             Detecting I2C interfaces               |
[72        ][Info   ]------------------------------------------------------
[72        ][Info   ][DetectionManager] Registering I2C interface: AMDGPU DM i2c hw bus 1 (/dev/i2c-3) Device 1002:73DF Subsystem: 148C:2310
[72        ][Info   ][DetectionManager] Registering I2C interface: SMBus PIIX4 adapter port 2 at 0b00 (/dev/i2c-10) Device 1022:790B Subsystem: 1849:FFFF
[72        ][Info   ][DetectionManager] Registering I2C interface: AMDGPU SMU 1 (/dev/i2c-1) Device 1002:73DF Subsystem: 148C:2310
[73        ][Info   ][i2c_smbus_linux] Failed to read i2c device PCI device ID
[73        ][Info   ][DetectionManager] Registering I2C interface: AMDGPU DM aux hw bus 2 (/dev/i2c-8) Device 0000:0000 Subsystem: 0000:0000
[73        ][Info   ][i2c_smbus_linux] Failed to read i2c device PCI device ID
[73        ][Info   ][DetectionManager] Registering I2C interface: AMDGPU DM aux hw bus 0 (/dev/i2c-6) Device 0000:0000 Subsystem: 0000:0000
[73        ][Info   ][DetectionManager] Registering I2C interface: AMDGPU DM i2c hw bus 2 (/dev/i2c-4) Device 1002:73DF Subsystem: 148C:2310
[73        ][Info   ][DetectionManager] Registering I2C interface: SMBus PIIX4 adapter port 1 at 0b20 (/dev/i2c-11) Device 1022:790B Subsystem: 1849:FFFF
[73        ][Info   ][DetectionManager] Registering I2C interface: AMDGPU DM i2c hw bus 0 (/dev/i2c-2) Device 1002:73DF Subsystem: 148C:2310
[73        ][Info   ][DetectionManager] Registering I2C interface: AMDGPU SMU 0 (/dev/i2c-0) Device 1002:73DF Subsystem: 148C:2310
[73        ][Info   ][DetectionManager] Registering I2C interface: SMBus PIIX4 adapter port 0 at 0b00 (/dev/i2c-9) Device 1022:790B Subsystem: 1849:FFFF
[73        ][Info   ][i2c_smbus_linux] Failed to read i2c device PCI device ID
[73        ][Info   ][DetectionManager] Registering I2C interface: AMDGPU DM aux hw bus 1 (/dev/i2c-7) Device 0000:0000 Subsystem: 0000:0000
[73        ][Info   ][DetectionManager] Registering I2C interface: AMDGPU DM i2c hw bus 3 (/dev/i2c-5) Device 1002:73DF Subsystem: 148C:2310
[73        ][Info   ]------------------------------------------------------
[73        ][Info   ]|               Detecting I2C devices                |
[73        ][Info   ]------------------------------------------------------
[755       ][Info   ]------------------------------------------------------
[755       ][Info   ]|            Detecting I2C DRAM modules              |
[755       ][Info   ]------------------------------------------------------
[1634      ][Info   ][DetectionManager] Detected occupied slot 1, bus 9, type DDR4
[2919      ][Info   ][DetectionManager] Detected occupied slot 2, bus 9, type DDR4
[3959      ][Info   ]------------------------------------------------------
[3959      ][Info   ]|               Detecting I2C PCI devices            |
[3959      ][Info   ]------------------------------------------------------
[3962      ][Info   ]------------------------------------------------------
[3962      ][Info   ]|               Detecting HID devices                |
[3962      ][Info   ]------------------------------------------------------
[4014      ][Info   ][DetectionManager] Registering RGB controller Nollie 8CH
[4042      ][Info   ][KLM] Created new Seventy Five percent ANSI QWERTY with 6 rows and 14 columns containing 74 keys
[4042      ][Info   ][DetectionManager] Registering RGB controller AULA F75
[4059      ][Info   ]------------------------------------------------------
[4059      ][Info   ]|            Detecting libusb HID devices            |
[4059      ][Info   ]------------------------------------------------------
[4106      ][Info   ]------------------------------------------------------
[4106      ][Info   ]|              Detecting other devices               |
[4106      ][Info   ]------------------------------------------------------
[4123      ][Info   ]------------------------------------------------------
[4123      ][Info   ]|                Detection completed                 |
[4123      ][Info   ]------------------------------------------------------
[4130      ][Warning][PluginManager] Plugin /home/bigboss/.config/OpenRGB/plugins/OpenRGBEffectsPlugin_1.0rc2_Linux_amd64_415dc20.so does not have a MetaData field, skipping.
[4130      ][Warning][PluginManager] Plugin /home/bigboss/.config/OpenRGB/plugins/OpenRGBVisualMapPlugin_1.0rc2_Linux_amd64_320420d.so does not have a MetaData field, skipping.
[4131      ][Info   ][OpenRGBVisualMapPlugin] version 1.0 (1dde279ef57df315927e3c32aa7e0ad8bf9e39f8), build date 2026-09-11 19:51:16 -0500
[4131      ][Info   ][OpenRGBVisualMapPlugin] Auto load: loading file v1
[4145      ][Info   ][PluginManager] Registering RGB controller v1
[4174      ][Info   ][OpenRGBEffectsPlugin] version 1.0 (0e0f1b4708c302bad4270ab62349b2efe5dcc439), build date 2026-09-12 01:21:49 -0500
[4174      ][Info   ][OpenRGBEffectsPlugin] 58 effects registered
[4202      ][Info   ][OpenRGBVisualMapPlugin] Recreate
[4203      ][Info   ][OpenRGBVisualMapPlugin] Recreate done
[98513     ][Info   ][ProfileManager] Found file: v1.json attempting to validate header
[98515     ][Info   ][ProfileManager] Found file: my-profile.json attempting to validate header
[327746    ][Error  ][RGBController] Preview controller: Device thread still active in base class destructor, ensure Shutdown() was called from inherited destructor
[640671    ][Error  ][RGBController] Preview controller: Device thread still active in base class destructor, ensure Shutdown() was called from inherited destructor
[652752    ][Info   ][ProfileManager] Found file: v1.json attempting to validate header
[652754    ][Info   ][ProfileManager] Found file: my-profile.json attempting to validate header
[660452    ][Info   ][ProfileManager] Found file: v1.json attempting to validate header
[660454    ][Info   ][ProfileManager] Found file: my-profile.json attempting to validate header
[678324    ][Info   ][ProfileManager] Found file: v1.json attempting to validate header
[678326    ][Info   ][ProfileManager] Found file: my-profile.json attempting to validate header
[689383    ][Info   ][ProfileManager] Found file: v1.json attempting to validate header
[689386    ][Info   ][ProfileManager] Found file: my-profile.json attempting to validate header
[719017    ][Error  ][RGBController] Preview controller: Device thread still active in base class destructor, ensure Shutdown() was called from inherited destructor
[733078    ][Info   ][ProfileManager] Found file: v1.json attempting to validate header
[733080    ][Info   ][ProfileManager] Found file: my-profile.json attempting to validate header
[804475    ][Error  ][RGBController] Preview controller: Device thread still active in base class destructor, ensure Shutdown() was called from inherited destructor
[842550    ][Info   ][ProfileManager] Found file: v1.json attempting to validate header
[842552    ][Info   ][ProfileManager] Found file: my-profile.json attempting to validate header
[1332438   ][Error  ][RGBController] Preview controller: Device thread still active in base class destructor, ensure Shutdown() was called from inherited destructor
[1337027   ][Info   ][ProfileManager] Found file: v1.json attempting to validate header
[1337034   ][Info   ][ProfileManager] Found file: my-profile.json attempting to validate header
[14979915  ][Info   ][PluginManager] Unregistering RGB controller v1
[14980046  ][Info   ][OpenRGBVisualMapPlugin] Clear
[14980046  ][Info   ][OpenRGBVisualMapPlugin] Clear done
[14980048  ][Info   ][OpenRGBEffectsPlugin] Unloading
[14980084  ][Info   ][DetectionManager] Cleaning up detected devices
